BL51 BANKED LINKER/LOCATER V6.22                                                        06/15/2022  17:04:08  PAGE 1


BL51 BANKED LINKER/LOCATER V6.22, INVOKED BY:
D:\KEIL 5\C51\KEIL(相关软件)\C51\BIN\BL51.EXE .\Objects\main.obj TO .\Objects\test PRINT (.\Listings\test.m51) RAMSIZE (
>> 256)


MEMORY MODEL: SMALL


INPUT MODULES INCLUDED:
  .\Objects\main.obj (MAIN)
  D:\KEIL 5\C51\KEIL(相关软件)\C51\LIB\C51S.LIB (?C_STARTUP)
  D:\KEIL 5\C51\KEIL(相关软件)\C51\LIB\C51S.LIB (?C?UIDIV)
  D:\KEIL 5\C51\KEIL(相关软件)\C51\LIB\C51S.LIB (?C_INIT)


LINK MAP OF MODULE:  .\Objects\test (MAIN)


            TYPE    BASE      LENGTH    RELOCATION   SEGMENT NAME
            -----------------------------------------------------

            * * * * * * *   D A T A   M E M O R Y   * * * * * * *
            REG     0000H     0008H     ABSOLUTE     "REG BANK 0"
            DATA    0008H     000FH     UNIT         ?DT?MAIN
            DATA    0017H     0003H     UNIT         _DATA_GROUP_
                    001AH     0006H                  *** GAP ***
            BIT     0020H.0   0000H.2   UNIT         ?BI?MAIN
                    0020H.2   0000H.6                *** GAP ***
            IDATA   0021H     0001H     UNIT         ?STACK

            * * * * * * *   C O D E   M E M O R Y   * * * * * * *
            CODE    0000H     0003H     ABSOLUTE     
            CODE    0003H     0011H     UNIT         ?PR?_DOOR?MAIN
                    0014H     0007H                  *** GAP ***
            CODE    001BH     0003H     ABSOLUTE     
            CODE    001EH     00BEH     UNIT         ?PR?MAIN?MAIN
            CODE    00DCH     00B8H     UNIT         ?PR?READ_KEY?MAIN
            CODE    0194H     008CH     UNIT         ?C_C51STARTUP
            CODE    0220H     0055H     UNIT         ?C?LIB_CODE
            CODE    0275H     0054H     UNIT         ?PR?TIMER1?MAIN
            CODE    02C9H     003DH     UNIT         ?PR?DISPLAY?MAIN
            CODE    0306H     0022H     UNIT         ?C_INITSEG
            CODE    0328H     0019H     UNIT         ?PR?CLO_NUM?MAIN
            CODE    0341H     0019H     UNIT         ?PR?TIMER_INIT?MAIN
            CODE    035AH     000FH     UNIT         ?PR?ALL_INIT?MAIN
            CODE    0369H     000BH     UNIT         ?CO?MAIN



OVERLAY MAP OF MODULE:   .\Objects\test (MAIN)


SEGMENT                          DATA_GROUP 
  +--> CALLED SEGMENT          START    LENGTH
----------------------------------------------
?PR?TIMER1?MAIN                -----    -----
  +--> ?PR?DISPLAY?MAIN

BL51 BANKED LINKER/LOCATER V6.22                                                      06/15/2022  17:04:08  PAGE 2


?PR?DISPLAY?MAIN               -----    -----
  +--> ?PR?_DOOR?MAIN
  +--> ?CO?MAIN

*** NEW ROOT ***************************************************

?C_C51STARTUP                  -----    -----
  +--> ?PR?MAIN?MAIN
  +--> ?C_INITSEG

?PR?MAIN?MAIN                  0017H    0001H
  +--> ?PR?ALL_INIT?MAIN
  +--> ?PR?TIMER_INIT?MAIN
  +--> ?PR?READ_KEY?MAIN
  +--> ?PR?_DOOR?MAIN

?PR?ALL_INIT?MAIN              -----    -----
  +--> ?PR?_DOOR?MAIN
  +--> ?PR?CLO_NUM?MAIN

?PR?READ_KEY?MAIN              0018H    0002H



SYMBOL TABLE OF MODULE:  .\Objects\test (MAIN)

  VALUE           TYPE          NAME
  ----------------------------------

  -------         MODULE        MAIN
  C:0000H         SYMBOL        _ICE_DUMMY_
  D:0080H         PUBLIC        P0
  D:0090H         PUBLIC        P1
  D:00A0H         PUBLIC        P2
  D:00B0H         PUBLIC        P3
  D:00C0H         PUBLIC        P4
  D:00C8H         PUBLIC        P5
  B:00A8H.7       PUBLIC        EA
  D:00E8H         PUBLIC        P6
  D:00F8H         PUBLIC        P7
  D:000BH         PUBLIC        dspbuf
  D:0013H         PUBLIC        dspcom
  D:00A8H         PUBLIC        IE
  D:00B8H         PUBLIC        IP
  D:00D8H         PUBLIC        CCON
  C:001EH         PUBLIC        main
  C:00DCH         PUBLIC        Read_key
  B:0020H.0       PUBLIC        NE555_flag
  D:0098H         PUBLIC        SCON
  D:0089H         PUBLIC        TMOD
  D:0088H         PUBLIC        TCON
  C:0007H         PUBLIC        _door
  B:00C0H.2       PUBLIC        P42
  C:0369H         PUBLIC        tab
  B:00C0H.4       PUBLIC        P44
  B:00B0H.6       PUBLIC        P36
  B:00B0H.7       PUBLIC        P37
BL51 BANKED LINKER/LOCATER V6.22                                                      06/15/2022  17:04:08  PAGE 3


  D:008EH         PUBLIC        AUXR
  B:0020H.1       PUBLIC        key_flag
  B:00A8H.1       PUBLIC        ET0
  B:00A8H.3       PUBLIC        ET1
  B:0088H.7       PUBLIC        TF1
  D:008CH         PUBLIC        TH0
  D:008DH         PUBLIC        TH1
  D:008AH         PUBLIC        TL0
  C:035AH         PUBLIC        all_init
  D:008BH         PUBLIC        TL1
  C:0275H         PUBLIC        timer1
  B:0088H.4       PUBLIC        TR0
  B:0088H.6       PUBLIC        TR1
  D:0014H         PUBLIC        keyread
  D:0015H         PUBLIC        keyvalue
  C:0328H         PUBLIC        clo_num
  C:0341H         PUBLIC        Timer_Init
  C:02C9H         PUBLIC        display
  D:00D0H         PUBLIC        PSW
  D:0016H         PUBLIC        keypress
  -------         PROC          L?0040
  -------         ENDPROC       L?0040
  -------         PROC          _DOOR
  D:0007H         SYMBOL        choose
  D:0004H         SYMBOL        input
  C:0007H         LINE#         12
  C:0007H         LINE#         13
  C:0007H         LINE#         14
  C:000EH         LINE#         15
  C:0010H         LINE#         16
  C:0013H         LINE#         17
  -------         ENDPROC       _DOOR
  -------         PROC          CLO_NUM
  C:0328H         LINE#         19
  C:0328H         LINE#         20
  C:0328H         LINE#         21
  C:032BH         LINE#         22
  C:032EH         LINE#         23
  C:0331H         LINE#         24
  C:0334H         LINE#         25
  C:0337H         LINE#         26
  C:033AH         LINE#         27
  C:033DH         LINE#         28
  C:0340H         LINE#         29
  -------         ENDPROC       CLO_NUM
  -------         PROC          ALL_INIT
  C:035AH         LINE#         31
  C:035AH         LINE#         32
  C:035AH         LINE#         33
  C:035FH         LINE#         34
  C:0366H         LINE#         35
  -------         ENDPROC       ALL_INIT
  -------         PROC          DISPLAY
  C:02C9H         LINE#         38
  C:02C9H         LINE#         39
  C:02C9H         LINE#         40
  C:02CEH         LINE#         42
BL51 BANKED LINKER/LOCATER V6.22                                                      06/15/2022  17:04:08  PAGE 4


  C:02E6H         LINE#         43
  C:02FBH         LINE#         45
  C:0302H         LINE#         46
  C:0305H         LINE#         47
  -------         ENDPROC       DISPLAY
  -------         PROC          READ_KEY
  -------         DO            
  D:0018H         SYMBOL        key_m
  D:0019H         SYMBOL        cal
  -------         ENDDO         
  C:00DCH         LINE#         50
  C:00DCH         LINE#         51
  C:00DCH         LINE#         54
  C:00E3H         LINE#         55
  C:00EBH         LINE#         56
  C:00F1H         LINE#         58
  C:00F5H         LINE#         59
  C:00F9H         LINE#         61
  C:00FCH         LINE#         63
  C:0102H         LINE#         64
  C:0102H         LINE#         65
  C:0104H         LINE#         66
  C:0107H         LINE#         67
  C:0119H         LINE#         68
  C:0119H         LINE#         69
  C:011EH         LINE#         70
  C:0123H         LINE#         71
  C:0128H         LINE#         72
  C:012BH         LINE#         73
  C:012BH         LINE#         75
  C:0132H         LINE#         76
  C:0138H         LINE#         78
  C:0147H         LINE#         79
  C:0147H         LINE#         80
  C:0153H         LINE#         81
  C:015FH         LINE#         82
  C:016BH         LINE#         83
  C:0175H         LINE#         84
  C:0175H         LINE#         85
  C:0175H         LINE#         87
  C:017CH         LINE#         88
  C:0182H         LINE#         90
  C:018BH         LINE#         91
  C:018BH         LINE#         92
  C:018EH         LINE#         93
  C:0191H         LINE#         94
  C:0191H         LINE#         95
  C:0193H         LINE#         96
  -------         ENDPROC       READ_KEY
  -------         PROC          TIMER_INIT
  C:0341H         LINE#         98
  C:0341H         LINE#         99
  C:0341H         LINE#         100
  C:0344H         LINE#         102
  C:0347H         LINE#         103
  C:034AH         LINE#         104
  C:034DH         LINE#         105
BL51 BANKED LINKER/LOCATER V6.22                                                      06/15/2022  17:04:08  PAGE 5


  C:034FH         LINE#         106
  C:0351H         LINE#         108
  C:0353H         LINE#         109
  C:0355H         LINE#         110
  C:0357H         LINE#         111
  C:0359H         LINE#         112
  -------         ENDPROC       TIMER_INIT
  -------         PROC          MAIN
  -------         DO            
  D:0007H         SYMBOL        key_re
  D:0017H         SYMBOL        NE555_w
  D:0002H         SYMBOL        freq
  -------         ENDDO         
  C:001EH         LINE#         153
  C:001EH         LINE#         154
  C:001EH         LINE#         155
  C:0021H         LINE#         156
  C:0023H         LINE#         158
  C:0026H         LINE#         159
  C:0029H         LINE#         164
  C:0029H         LINE#         165
  C:0029H         LINE#         166
  C:002CH         LINE#         167
  C:002CH         LINE#         168
  C:002EH         LINE#         169
  C:0031H         LINE#         171
  C:0035H         LINE#         172
  C:0035H         LINE#         173
  C:003EH         LINE#         174
  C:003EH         LINE#         175
  C:0043H         LINE#         176
  C:0043H         LINE#         177
  C:0043H         LINE#         178
  C:004CH         LINE#         179
  C:004CH         LINE#         180
  C:004CH         LINE#         181
  C:004CH         LINE#         183
  C:004FH         LINE#         184
  C:004FH         LINE#         185
  C:0051H         LINE#         186
  C:0053H         LINE#         189
  C:0061H         LINE#         191
  C:0064H         LINE#         192
  C:0066H         LINE#         194
  C:0068H         LINE#         196
  C:0068H         LINE#         198
  C:006FH         LINE#         199
  C:006FH         LINE#         200
  C:0071H         LINE#         202
  C:007EH         LINE#         203
  C:0098H         LINE#         204
  C:00B2H         LINE#         205
  C:00CCH         LINE#         206
  C:00D9H         LINE#         207
  C:00D9H         LINE#         208
  -------         ENDPROC       MAIN
  -------         PROC          TIMER1
BL51 BANKED LINKER/LOCATER V6.22                                                      06/15/2022  17:04:08  PAGE 6


  -------         DO            
  D:0008H         SYMBOL        t_20ms
  D:0009H         SYMBOL        t_1000ms
  -------         ENDDO         
  C:0275H         LINE#         211
  C:028AH         LINE#         216
  C:028DH         LINE#         218
  C:028FH         LINE#         219
  C:0297H         LINE#         221
  C:029EH         LINE#         222
  C:029EH         LINE#         223
  C:02A1H         LINE#         224
  C:02A3H         LINE#         225
  C:02A3H         LINE#         227
  C:02AEH         LINE#         228
  C:02AEH         LINE#         229
  C:02B4H         LINE#         230
  C:02B6H         LINE#         231
  C:02B6H         LINE#         232
  -------         ENDPROC       TIMER1
  -------         ENDMOD        MAIN

  -------         MODULE        ?C?UIDIV
  C:0220H         PUBLIC        ?C?UIDIV
  -------         ENDMOD        ?C?UIDIV

Program Size: data=27.2 xdata=0 code=877
LINK/LOCATE RUN COMPLETE.  0 WARNING(S),  0 ERROR(S)
