BL51 BANKED LINKER/LOCATER V6.22                                                        06/17/2022  10:46:34  PAGE 1


BL51 BANKED LINKER/LOCATER V6.22, INVOKED BY:
D:\KEIL 5\C51\KEIL(相关软件)\C51\BIN\BL51.EXE .\Objects\STARTUP.obj, .\Objects\main.obj, .\Objects\iic.obj TO .\Objects\
>> text4 PRINT (.\Listings\text4.m51) RAMSIZE (256)


MEMORY MODEL: SMALL WITH FLOATING POINT ARITHMETIC


INPUT MODULES INCLUDED:
  .\Objects\STARTUP.obj (?C_STARTUP)
  .\Objects\main.obj (MAIN)
  .\Objects\iic.obj (IIC)
  D:\KEIL 5\C51\KEIL(相关软件)\C51\LIB\C51FPS.LIB (?C?FPMUL)
  D:\KEIL 5\C51\KEIL(相关软件)\C51\LIB\C51FPS.LIB (?C?CASTF)
  D:\KEIL 5\C51\KEIL(相关软件)\C51\LIB\C51FPS.LIB (?C?FPGETOPN)
  D:\KEIL 5\C51\KEIL(相关软件)\C51\LIB\C51S.LIB (?C_INIT)
  D:\KEIL 5\C51\KEIL(相关软件)\C51\LIB\C51S.LIB (?C?COPY)
  D:\KEIL 5\C51\KEIL(相关软件)\C51\LIB\C51S.LIB (?C?CLDPTR)
  D:\KEIL 5\C51\KEIL(相关软件)\C51\LIB\C51S.LIB (?C?CLDOPTR)
  D:\KEIL 5\C51\KEIL(相关软件)\C51\LIB\C51S.LIB (?C?CSTOPTR)
  D:\KEIL 5\C51\KEIL(相关软件)\C51\LIB\C51S.LIB (?C?ULDIV)
  D:\KEIL 5\C51\KEIL(相关软件)\C51\LIB\C51S.LIB (?C?LNEG)
  D:\KEIL 5\C51\KEIL(相关软件)\C51\LIB\C51S.LIB (?C?ULSHR)
  D:\KEIL 5\C51\KEIL(相关软件)\C51\LIB\C51S.LIB (?C?CCASE)


LINK MAP OF MODULE:  .\Objects\text4 (?C_STARTUP)


            TYPE    BASE      LENGTH    RELOCATION   SEGMENT NAME
            -----------------------------------------------------

            * * * * * * *   D A T A   M E M O R Y   * * * * * * *
            REG     0000H     0008H     ABSOLUTE     "REG BANK 0"
            DATA    0008H     000FH     UNIT         ?DT?MAIN
            DATA    0017H     0009H     UNIT         ?DT?_FLOAT2UINT32?MAIN
            BIT     0020H.0   0000H.2   UNIT         ?BI?MAIN
            BIT     0020H.2   0000H.1   UNIT         _BIT_GROUP_
                    0020H.3   0000H.5                *** GAP ***
            DATA    0021H     0031H     UNIT         _DATA_GROUP_
            DATA    0052H     0008H     UNIT         ?DT?_UINT322FLOAT?MAIN
            DATA    005AH     0005H     UNIT         ?DT?_FLOAT2UINT8?MAIN
            DATA    005FH     0004H     UNIT         ?DT?_UINT82FLOAT?MAIN
            IDATA   0063H     0001H     UNIT         ?STACK

            * * * * * * *   C O D E   M E M O R Y   * * * * * * *
            CODE    0000H     0003H     ABSOLUTE     
                    0003H     0008H                  *** GAP ***
            CODE    000BH     0003H     ABSOLUTE     
            CODE    000EH     03FAH     UNIT         ?C?LIB_CODE
            CODE    0408H     025DH     UNIT         ?PR?MAIN?MAIN
            CODE    0665H     00C9H     UNIT         ?PR?READ_KEY?MAIN
            CODE    072EH     008CH     UNIT         ?C_C51STARTUP
            CODE    07BAH     0064H     UNIT         ?PR?_FLOAT2UINT32?MAIN
            CODE    081EH     004FH     UNIT         ?PR?_EEPROM_READ?IIC
            CODE    086DH     003FH     UNIT         ?PR?TIMER0?MAIN
            CODE    08ACH     003AH     UNIT         ?PR?_EEPROM_WRITE?IIC
            CODE    08E6H     0039H     UNIT         ?PR?_UINT322FLOAT?MAIN
BL51 BANKED LINKER/LOCATER V6.22                                                      06/17/2022  10:46:34  PAGE 2


            CODE    091FH     0038H     UNIT         ?PR?DISPLAY?MAIN
            CODE    0957H     002CH     UNIT         ?PR?_IIC_SENDBYTE?IIC
            CODE    0983H     0028H     UNIT         ?CO?MAIN
            CODE    09ABH     0025H     UNIT         ?PR?_UINT82FLOAT?MAIN
            CODE    09D0H     0024H     UNIT         ?C_INITSEG
            CODE    09F4H     001DH     UNIT         ?PR?IIC_RECBYTE?IIC
            CODE    0A11H     0019H     UNIT         ?PR?CLO_NUM?MAIN
            CODE    0A2AH     0019H     UNIT         ?PR?_FLOAT2UINT8?MAIN
            CODE    0A43H     0019H     UNIT         ?PR?IIC_WAITACK?IIC
            CODE    0A5CH     0017H     UNIT         ?PR?IIC_SENDACK?IIC
            CODE    0A73H     0015H     UNIT         ?PR?TIMER0INIT?MAIN
            CODE    0A88H     0011H     UNIT         ?PR?ALL_INIT?MAIN
            CODE    0A99H     000FH     UNIT         ?PR?IIC_START?IIC
            CODE    0AA8H     000DH     UNIT         ?PR?_DOOR?MAIN
            CODE    0AB5H     000CH     UNIT         ?PR?_IIC_DELAY?IIC
            CODE    0AC1H     000CH     UNIT         ?PR?IIC_STOP?IIC



OVERLAY MAP OF MODULE:   .\Objects\text4 (?C_STARTUP)


SEGMENT                           BIT_GROUP          DATA_GROUP 
  +--> CALLED SEGMENT          START    LENGTH     START    LENGTH
------------------------------------------------------------------
?C_C51STARTUP                  -----    -----      -----    -----
  +--> ?PR?MAIN?MAIN
  +--> ?C_INITSEG

?PR?MAIN?MAIN                  -----    -----      0021H    002BH
  +--> ?CO?MAIN
  +--> ?PR?ALL_INIT?MAIN
  +--> ?PR?TIMER0INIT?MAIN
  +--> ?PR?_EEPROM_WRITE?IIC
  +--> ?PR?READ_KEY?MAIN
  +--> ?PR?_EEPROM_READ?IIC
  +--> ?PR?CLO_NUM?MAIN
  +--> ?PR?_DOOR?MAIN

?PR?ALL_INIT?MAIN              -----    -----      -----    -----
  +--> ?PR?_DOOR?MAIN
  +--> ?PR?CLO_NUM?MAIN

?PR?_EEPROM_WRITE?IIC          -----    -----      004CH    0006H
  +--> ?PR?IIC_WAITACK?IIC
  +--> ?PR?_IIC_SENDBYTE?IIC
  +--> ?PR?IIC_STOP?IIC

?PR?IIC_WAITACK?IIC            0020H.2  0000H.1    -----    -----
  +--> ?PR?IIC_START?IIC
  +--> ?PR?_IIC_SENDBYTE?IIC
  +--> ?PR?_IIC_DELAY?IIC

?PR?IIC_START?IIC              -----    -----      -----    -----
  +--> ?PR?_IIC_DELAY?IIC

?PR?_IIC_SENDBYTE?IIC          -----    -----      -----    -----
BL51 BANKED LINKER/LOCATER V6.22                                                      06/17/2022  10:46:34  PAGE 3


  +--> ?PR?_IIC_DELAY?IIC

?PR?IIC_STOP?IIC               -----    -----      -----    -----
  +--> ?PR?_IIC_DELAY?IIC

?PR?READ_KEY?MAIN              -----    -----      004CH    0002H

?PR?_EEPROM_READ?IIC           -----    -----      004CH    0006H
  +--> ?PR?IIC_WAITACK?IIC
  +--> ?PR?_IIC_SENDBYTE?IIC
  +--> ?PR?IIC_STOP?IIC
  +--> ?PR?IIC_START?IIC
  +--> ?PR?IIC_RECBYTE?IIC
  +--> ?PR?IIC_SENDACK?IIC

?PR?IIC_RECBYTE?IIC            -----    -----      -----    -----
  +--> ?PR?_IIC_DELAY?IIC

?PR?IIC_SENDACK?IIC            0020H.2  0000H.1    -----    -----
  +--> ?PR?_IIC_DELAY?IIC

*** NEW ROOT ***************************************************

?PR?TIMER0?MAIN                -----    -----      -----    -----
  +--> ?PR?DISPLAY?MAIN

?PR?DISPLAY?MAIN               -----    -----      -----    -----
  +--> ?PR?_DOOR?MAIN
  +--> ?CO?MAIN



SYMBOL TABLE OF MODULE:  .\Objects\text4 (?C_STARTUP)

  VALUE           TYPE          NAME
  ----------------------------------

  -------         MODULE        ?C_STARTUP
  C:072EH         SEGMENT       ?C_C51STARTUP
  I:0063H         SEGMENT       ?STACK
  C:0000H         PUBLIC        ?C_STARTUP
  D:00E0H         SYMBOL        ACC
  D:00F0H         SYMBOL        B
  D:0083H         SYMBOL        DPH
  D:0082H         SYMBOL        DPL
  N:0000H         SYMBOL        IBPSTACK
  N:0100H         SYMBOL        IBPSTACKTOP
  N:0080H         SYMBOL        IDATALEN
  C:0731H         SYMBOL        IDATALOOP
  N:0000H         SYMBOL        PBPSTACK
  N:0100H         SYMBOL        PBPSTACKTOP
  N:0000H         SYMBOL        PDATALEN
  N:0000H         SYMBOL        PDATASTART
  N:0000H         SYMBOL        PPAGE
  N:0000H         SYMBOL        PPAGEENABLE
  D:00A0H         SYMBOL        PPAGE_SFR
  D:0081H         SYMBOL        SP
BL51 BANKED LINKER/LOCATER V6.22                                                      06/17/2022  10:46:34  PAGE 4


  C:072EH         SYMBOL        STARTUP1
  N:0000H         SYMBOL        XBPSTACK
  N:0000H         SYMBOL        XBPSTACKTOP
  N:0000H         SYMBOL        XDATALEN
  N:0000H         SYMBOL        XDATASTART
  C:0000H         LINE#         126
  C:072EH         LINE#         133
  C:0730H         LINE#         134
  C:0731H         LINE#         135
  C:0732H         LINE#         136
  C:0734H         LINE#         185
  C:0737H         LINE#         196
  -------         ENDMOD        ?C_STARTUP

  -------         MODULE        MAIN
  C:0000H         SYMBOL        _ICE_DUMMY_
  D:0080H         PUBLIC        P0
  D:0090H         PUBLIC        P1
  D:00A0H         PUBLIC        P2
  D:00B0H         PUBLIC        P3
  D:00C0H         PUBLIC        P4
  D:00C8H         PUBLIC        P5
  B:00A8H.7       PUBLIC        EA
  D:00E8H         PUBLIC        P6
  C:09ABH         PUBLIC        _Uint82Float
  C:0A2AH         PUBLIC        _Float2Uint8
  D:00F8H         PUBLIC        P7
  D:000AH         PUBLIC        dspbuf
  D:0012H         PUBLIC        dspcom
  D:00A8H         PUBLIC        IE
  D:00B8H         PUBLIC        IP
  D:00D8H         PUBLIC        CCON
  C:0408H         PUBLIC        main
  C:0665H         PUBLIC        Read_key
  C:08E6H         PUBLIC        _Uint322Float
  C:07BAH         PUBLIC        _Float2Uint32
  D:0098H         PUBLIC        SCON
  D:0089H         PUBLIC        TMOD
  D:0088H         PUBLIC        TCON
  C:0AA8H         PUBLIC        _door
  B:00C0H.2       PUBLIC        P42
  C:0983H         PUBLIC        tab
  B:00C0H.4       PUBLIC        P44
  B:00B0H.6       PUBLIC        P36
  B:00B0H.7       PUBLIC        P37
  D:008EH         PUBLIC        AUXR
  C:099BH         SYMBOL        _?ix1000
  C:09A3H         SYMBOL        _?ix1001
  B:0020H.0       PUBLIC        EEPROM_flag
  B:0020H.1       PUBLIC        key_flag
  B:00A8H.1       PUBLIC        ET0
  B:0088H.5       PUBLIC        TF0
  C:0A73H         PUBLIC        Timer0Init
  D:008CH         PUBLIC        TH0
  D:008AH         PUBLIC        TL0
  D:0013H         PUBLIC        num
  C:0A88H         PUBLIC        all_init
BL51 BANKED LINKER/LOCATER V6.22                                                      06/17/2022  10:46:34  PAGE 5


  C:086DH         PUBLIC        timer0
  B:0088H.4       PUBLIC        TR0
  D:0014H         PUBLIC        keyread
  D:0015H         PUBLIC        keyvalue
  C:0A11H         PUBLIC        clo_num
  C:091FH         PUBLIC        display
  D:00D0H         PUBLIC        PSW
  D:0016H         PUBLIC        keypress
  -------         PROC          TIMER0INIT
  C:0A73H         LINE#         17
  C:0A73H         LINE#         18
  C:0A73H         LINE#         19
  C:0A76H         LINE#         20
  C:0A79H         LINE#         21
  C:0A7CH         LINE#         22
  C:0A7FH         LINE#         23
  C:0A81H         LINE#         24
  C:0A83H         LINE#         26
  C:0A85H         LINE#         27
  C:0A87H         LINE#         28
  -------         ENDPROC       TIMER0INIT
  -------         PROC          _DOOR
  D:0007H         SYMBOL        choose
  D:0005H         SYMBOL        input
  C:0AA8H         LINE#         30
  C:0AA8H         LINE#         31
  C:0AA8H         LINE#         32
  C:0AAFH         LINE#         33
  C:0AB1H         LINE#         34
  C:0AB4H         LINE#         35
  -------         ENDPROC       _DOOR
  -------         PROC          CLO_NUM
  C:0A11H         LINE#         37
  C:0A11H         LINE#         38
  C:0A11H         LINE#         39
  C:0A14H         LINE#         40
  C:0A17H         LINE#         41
  C:0A1AH         LINE#         42
  C:0A1DH         LINE#         43
  C:0A20H         LINE#         44
  C:0A23H         LINE#         45
  C:0A26H         LINE#         46
  C:0A29H         LINE#         47
  -------         ENDPROC       CLO_NUM
  -------         PROC          ALL_INIT
  C:0A88H         LINE#         49
  C:0A88H         LINE#         50
  C:0A88H         LINE#         51
  C:0A8FH         LINE#         52
  C:0A96H         LINE#         53
  -------         ENDPROC       ALL_INIT
  -------         PROC          DISPLAY
  C:091FH         LINE#         56
  C:091FH         LINE#         57
  C:091FH         LINE#         58
  C:0926H         LINE#         60
  C:0939H         LINE#         61
BL51 BANKED LINKER/LOCATER V6.22                                                      06/17/2022  10:46:34  PAGE 6


  C:094CH         LINE#         63
  C:0953H         LINE#         64
  C:0956H         LINE#         65
  -------         ENDPROC       DISPLAY
  -------         PROC          READ_KEY
  -------         DO            
  D:004CH         SYMBOL        key_m
  D:004DH         SYMBOL        cal
  -------         ENDDO         
  C:0665H         LINE#         68
  C:0665H         LINE#         69
  C:0665H         LINE#         72
  C:066CH         LINE#         73
  C:0674H         LINE#         74
  C:067AH         LINE#         76
  C:067EH         LINE#         77
  C:0682H         LINE#         79
  C:0685H         LINE#         81
  C:068BH         LINE#         82
  C:068BH         LINE#         83
  C:068DH         LINE#         84
  C:0690H         LINE#         85
  C:06A2H         LINE#         86
  C:06A2H         LINE#         87
  C:06A7H         LINE#         88
  C:06ACH         LINE#         89
  C:06B1H         LINE#         90
  C:06B4H         LINE#         91
  C:06B4H         LINE#         93
  C:06BBH         LINE#         94
  C:06C3H         LINE#         95
  C:06C9H         LINE#         97
  C:06D8H         LINE#         98
  C:06D8H         LINE#         99
  C:06E4H         LINE#         100
  C:06F0H         LINE#         101
  C:06FCH         LINE#         102
  C:0706H         LINE#         103
  C:0706H         LINE#         104
  C:0706H         LINE#         106
  C:070DH         LINE#         107
  C:0715H         LINE#         108
  C:071BH         LINE#         110
  C:0725H         LINE#         111
  C:0725H         LINE#         112
  C:0728H         LINE#         113
  C:072BH         LINE#         114
  C:072BH         LINE#         116
  C:072DH         LINE#         117
  -------         ENDPROC       READ_KEY
  -------         PROC          _FLOAT2UINT8
  D:005AH         SYMBOL        num
  D:005EH         SYMBOL        N
  -------         DO            
  D:0001H         SYMBOL        temp
  -------         ENDDO         
  C:0A2AH         LINE#         120
BL51 BANKED LINKER/LOCATER V6.22                                                      06/17/2022  10:46:34  PAGE 7


  C:0A32H         LINE#         121
  C:0A32H         LINE#         123
  C:0A38H         LINE#         124
  C:0A42H         LINE#         125
  -------         ENDPROC       _FLOAT2UINT8
  -------         PROC          _FLOAT2UINT32
  D:0017H         SYMBOL        dat
  -------         DO            
  D:001BH         SYMBOL        temp
  D:001FH         SYMBOL        i
  -------         ENDDO         
  C:07BAH         LINE#         128
  C:07C2H         LINE#         129
  C:07C2H         LINE#         130
  C:07CBH         LINE#         132
  C:07CDH         LINE#         133
  C:0815H         LINE#         134
  C:081DH         LINE#         135
  -------         ENDPROC       _FLOAT2UINT32
  -------         PROC          _UINT82FLOAT
  D:0001H         SYMBOL        p
  -------         DO            
  D:005FH         SYMBOL        temp
  -------         ENDDO         
  C:09ABH         LINE#         137
  C:09ABH         LINE#         138
  C:09ABH         LINE#         140
  C:09B0H         LINE#         141
  C:09B8H         LINE#         142
  C:09C0H         LINE#         143
  C:09C8H         LINE#         144
  C:09CFH         LINE#         145
  -------         ENDPROC       _UINT82FLOAT
  -------         PROC          _UINT322FLOAT
  D:0052H         SYMBOL        dat
  -------         DO            
  D:0056H         SYMBOL        temp
  -------         ENDDO         
  C:08E6H         LINE#         147
  C:08EEH         LINE#         148
  C:08EEH         LINE#         150
  C:08F1H         LINE#         151
  C:08F9H         LINE#         152
  C:0909H         LINE#         153
  C:0918H         LINE#         155
  C:091EH         LINE#         156
  -------         ENDPROC       _UINT322FLOAT
  -------         PROC          MAIN
  -------         DO            
  D:0007H         SYMBOL        key_re
  D:0021H         SYMBOL        date
  D:0022H         SYMBOL        EEPROM_w
  D:0023H         SYMBOL        str
  D:002BH         SYMBOL        lens
  D:002CH         SYMBOL        put
  D:0034H         SYMBOL        dat
  D:0038H         SYMBOL        dat_show
BL51 BANKED LINKER/LOCATER V6.22                                                      06/17/2022  10:46:34  PAGE 8


  D:003CH         SYMBOL        input
  D:0040H         SYMBOL        ouput
  D:0044H         SYMBOL        temp_test
  D:0004H         SYMBOL        temp1
  D:0048H         SYMBOL        show
  -------         ENDDO         
  C:0408H         LINE#         159
  C:0408H         LINE#         160
  C:0408H         LINE#         161
  C:040BH         LINE#         162
  C:041FH         LINE#         163
  C:0432H         LINE#         164
  C:043EH         LINE#         166
  C:0447H         LINE#         168
  C:044AH         LINE#         169
  C:044DH         LINE#         172
  C:045BH         LINE#         175
  C:045BH         LINE#         176
  C:045BH         LINE#         178
  C:0461H         LINE#         179
  C:0461H         LINE#         180
  C:0463H         LINE#         181
  C:0466H         LINE#         183
  C:046DH         LINE#         184
  C:046DH         LINE#         185
  C:0493H         LINE#         186
  C:0493H         LINE#         187
  C:04A4H         LINE#         188
  C:04A9H         LINE#         189
  C:04A9H         LINE#         190
  C:04BEH         LINE#         191
  C:04C6H         LINE#         192
  C:04D4H         LINE#         193
  C:04D6H         LINE#         194
  C:04D6H         LINE#         202
  C:04E4H         LINE#         203
  C:04F9H         LINE#         204
  C:04FBH         LINE#         205
  C:04FFH         LINE#         206
  C:0505H         LINE#         207
  C:0505H         LINE#         208
  C:0505H         LINE#         214
  C:050AH         LINE#         215
  C:050DH         LINE#         216
  C:0512H         LINE#         217
  C:0520H         LINE#         218
  C:052BH         LINE#         219
  C:0532H         LINE#         220
  C:0532H         LINE#         221
  C:0532H         LINE#         222
  C:0532H         LINE#         223
  C:0532H         LINE#         245
  C:0547H         LINE#         246
  C:056FH         LINE#         247
  C:0597H         LINE#         248
  C:05BEH         LINE#         249
  C:05E4H         LINE#         250
BL51 BANKED LINKER/LOCATER V6.22                                                      06/17/2022  10:46:34  PAGE 9


  C:0609H         LINE#         251
  C:062DH         LINE#         252
  C:0642H         LINE#         254
  C:0648H         LINE#         255
  C:0648H         LINE#         256
  C:064AH         LINE#         259
  C:064DH         LINE#         260
  C:0650H         LINE#         261
  C:0653H         LINE#         262
  C:0656H         LINE#         263
  C:0659H         LINE#         264
  C:065CH         LINE#         265
  C:065FH         LINE#         266
  C:0662H         LINE#         267
  C:0662H         LINE#         268
  -------         ENDPROC       MAIN
  -------         PROC          TIMER0
  -------         DO            
  D:0008H         SYMBOL        t_20ms
  D:0009H         SYMBOL        t_50ms
  -------         ENDDO         
  C:086DH         LINE#         272
  C:087EH         LINE#         278
  C:0881H         LINE#         280
  C:0883H         LINE#         281
  C:0885H         LINE#         283
  C:088CH         LINE#         284
  C:088CH         LINE#         285
  C:088FH         LINE#         286
  C:0891H         LINE#         287
  C:0891H         LINE#         289
  C:0898H         LINE#         290
  C:0898H         LINE#         291
  C:089BH         LINE#         292
  C:089DH         LINE#         293
  C:089DH         LINE#         294
  -------         ENDPROC       TIMER0
  -------         ENDMOD        MAIN

  -------         MODULE        IIC
  C:0000H         SYMBOL        _ICE_DUMMY_
  D:0080H         PUBLIC        P0
  D:0090H         PUBLIC        P1
  D:00A0H         PUBLIC        P2
  D:00B0H         PUBLIC        P3
  D:00C0H         PUBLIC        P4
  D:00C8H         PUBLIC        P5
  D:00E8H         PUBLIC        P6
  D:00F8H         PUBLIC        P7
  D:00A8H         PUBLIC        IE
  D:00B8H         PUBLIC        IP
  D:00D8H         PUBLIC        CCON
  C:0AB9H         PUBLIC        _IIC_Delay
  C:081EH         PUBLIC        _EEPROM_Read
  D:0098H         PUBLIC        SCON
  D:0088H         PUBLIC        TCON
  C:08ACH         PUBLIC        _EEPROM_Write
BL51 BANKED LINKER/LOCATER V6.22                                                      06/17/2022  10:46:34  PAGE 10


  C:0A99H         PUBLIC        IIC_Start
  C:0A5CH         PUBLIC        IIC_SendAck
  B:00A0H.1       PUBLIC        SDA
  C:0957H         PUBLIC        _IIC_SendByte
  C:0A4BH         PUBLIC        IIC_WaitAck
  C:0AC1H         PUBLIC        IIC_Stop
  B:00A0H.0       PUBLIC        SCL
  C:09F4H         PUBLIC        IIC_RecByte
  D:00D0H         PUBLIC        PSW
  C:0AB5H         SYMBOL        L?0030
  -------         PROC          L?0029
  -------         ENDPROC       L?0029
  C:0AB5H         SYMBOL        L?0030
  -------         PROC          _IIC_DELAY
  D:0007H         SYMBOL        i
  C:0AB9H         LINE#         20
  C:0AB9H         LINE#         21
  C:0AB9H         LINE#         22
  C:0ABAH         LINE#         23
  C:0AC0H         LINE#         24
  -------         ENDPROC       _IIC_DELAY
  -------         PROC          IIC_START
  C:0A99H         LINE#         40
  C:0A99H         LINE#         41
  C:0A99H         LINE#         42
  C:0A9BH         LINE#         43
  C:0A9BH         LINE#         44
  C:0A9EH         LINE#         45
  C:0AA0H         LINE#         46
  C:0AA5H         LINE#         47
  C:0AA7H         LINE#         48
  -------         ENDPROC       IIC_START
  -------         PROC          IIC_STOP
  C:0AC1H         LINE#         51
  C:0AC1H         LINE#         52
  C:0AC1H         LINE#         53
  C:0AC3H         LINE#         54
  C:0AC3H         LINE#         55
  C:0AC6H         LINE#         56
  C:0AC8H         LINE#         57
  -------         ENDPROC       IIC_STOP
  -------         PROC          IIC_SENDACK
  B:0020H.2       SYMBOL        ackbit
  C:0A5CH         LINE#         61
  C:0A5CH         LINE#         62
  C:0A5CH         LINE#         63
  C:0A5EH         LINE#         64
  C:0A62H         LINE#         65
  C:0A67H         LINE#         66
  C:0A67H         LINE#         67
  C:0A6AH         LINE#         68
  C:0A6CH         LINE#         69
  C:0A6EH         LINE#         70
  -------         ENDPROC       IIC_SENDACK
  -------         PROC          L?0028
  -------         ENDPROC       L?0028
  -------         PROC          IIC_WAITACK
BL51 BANKED LINKER/LOCATER V6.22                                                      06/17/2022  10:46:34  PAGE 11


  -------         DO            
  B:0020H.2       SYMBOL        ackbit
  -------         ENDDO         
  C:0A4BH         LINE#         74
  C:0A4BH         LINE#         75
  C:0A4BH         LINE#         78
  C:0A4BH         LINE#         79
  C:0A4EH         LINE#         80
  C:0A52H         LINE#         81
  C:0A54H         LINE#         82
  C:0A59H         LINE#         83
  C:0A5BH         LINE#         84
  -------         ENDPROC       IIC_WAITACK
  -------         PROC          _IIC_SENDBYTE
  D:0005H         SYMBOL        byt
  -------         DO            
  D:0004H         SYMBOL        i
  -------         ENDDO         
  C:0957H         LINE#         87
  C:0959H         LINE#         88
  C:0959H         LINE#         91
  C:095BH         LINE#         92
  C:095BH         LINE#         93
  C:095DH         LINE#         94
  C:0962H         LINE#         95
  C:096AH         LINE#         96
  C:096CH         LINE#         97
  C:0971H         LINE#         98
  C:0973H         LINE#         99
  C:0977H         LINE#         100
  C:097CH         LINE#         101
  C:0980H         LINE#         102
  C:0982H         LINE#         103
  -------         ENDPROC       _IIC_SENDBYTE
  -------         PROC          IIC_RECBYTE
  -------         DO            
  D:0004H         SYMBOL        i
  D:0005H         SYMBOL        da
  -------         ENDDO         
  C:09F4H         LINE#         106
  C:09F4H         LINE#         107
  C:09F4H         LINE#         109
  C:09F6H         LINE#         110
  C:09F6H         LINE#         111
  C:09F6H         LINE#         112
  C:09F9H         LINE#         113
  C:09FDH         LINE#         114
  C:0A03H         LINE#         115
  C:0A05H         LINE#         116
  C:0A0AH         LINE#         117
  C:0A0EH         LINE#         118
  C:0A10H         LINE#         119
  -------         ENDPROC       IIC_RECBYTE
  -------         PROC          _EEPROM_WRITE
  D:004CH         SYMBOL        addr
  D:004DH         SYMBOL        p
  D:0050H         SYMBOL        lens
BL51 BANKED LINKER/LOCATER V6.22                                                      06/17/2022  10:46:34  PAGE 12


  -------         DO            
  D:0051H         SYMBOL        i
  -------         ENDDO         
  C:08ACH         LINE#         189
  C:08B4H         LINE#         190
  C:08B4H         LINE#         193
  C:08B4H         LINE#         194
  C:08B4H         LINE#         195
  C:08B7H         LINE#         196
  C:08BCH         LINE#         197
  C:08BFH         LINE#         198
  C:08C9H         LINE#         199
  C:08C9H         LINE#         200
  C:08DCH         LINE#         201
  C:08DFH         LINE#         202
  C:08E3H         LINE#         203
  -------         ENDPROC       _EEPROM_WRITE
  -------         PROC          _EEPROM_READ
  D:004CH         SYMBOL        addr
  D:004DH         SYMBOL        p
  D:0050H         SYMBOL        lens
  -------         DO            
  D:0051H         SYMBOL        i
  -------         ENDDO         
  C:081EH         LINE#         207
  C:0826H         LINE#         208
  C:0826H         LINE#         211
  C:0826H         LINE#         212
  C:0826H         LINE#         213
  C:0829H         LINE#         214
  C:082EH         LINE#         215
  C:0831H         LINE#         216
  C:0834H         LINE#         218
  C:0837H         LINE#         219
  C:083CH         LINE#         220
  C:083FH         LINE#         221
  C:0849H         LINE#         222
  C:0849H         LINE#         223
  C:085CH         LINE#         224
  C:0861H         LINE#         225
  C:0865H         LINE#         226
  C:086AH         LINE#         227
  -------         ENDPROC       _EEPROM_READ
  -------         ENDMOD        IIC

  -------         MODULE        ?C?FPMUL
  C:000EH         PUBLIC        ?C?FPMUL
  -------         ENDMOD        ?C?FPMUL

  -------         MODULE        ?C?CASTF
  C:0114H         PUBLIC        ?C?CASTF
  -------         ENDMOD        ?C?CASTF

  -------         MODULE        ?C?COPY
  C:0265H         PUBLIC        ?C?COPY
  -------         ENDMOD        ?C?COPY

BL51 BANKED LINKER/LOCATER V6.22                                                      06/17/2022  10:46:34  PAGE 13


  -------         MODULE        ?C?CLDPTR
  C:028BH         PUBLIC        ?C?CLDPTR
  -------         ENDMOD        ?C?CLDPTR

  -------         MODULE        ?C?CLDOPTR
  C:02A4H         PUBLIC        ?C?CLDOPTR
  -------         ENDMOD        ?C?CLDOPTR

  -------         MODULE        ?C?CSTOPTR
  C:02D1H         PUBLIC        ?C?CSTOPTR
  -------         ENDMOD        ?C?CSTOPTR

  -------         MODULE        ?C?ULDIV
  C:032FH         PUBLIC        ?C?ULDIV
  -------         ENDMOD        ?C?ULDIV

  -------         MODULE        ?C?LNEG
  C:03C1H         PUBLIC        ?C?LNEG
  -------         ENDMOD        ?C?LNEG

  -------         MODULE        ?C?ULSHR
  C:03CFH         PUBLIC        ?C?ULSHR
  -------         ENDMOD        ?C?ULSHR

  -------         MODULE        ?C?CCASE
  C:03E2H         PUBLIC        ?C?CCASE
  -------         ENDMOD        ?C?CCASE

*** WARNING L16: UNCALLED SEGMENT, IGNORED FOR OVERLAY PROCESS
    SEGMENT: ?PR?_FLOAT2UINT32?MAIN

*** WARNING L16: UNCALLED SEGMENT, IGNORED FOR OVERLAY PROCESS
    SEGMENT: ?PR?_UINT82FLOAT?MAIN

*** WARNING L16: UNCALLED SEGMENT, IGNORED FOR OVERLAY PROCESS
    SEGMENT: ?PR?_UINT322FLOAT?MAIN

Program Size: data=99.3 xdata=0 code=2757
LINK/LOCATE RUN COMPLETE.  3 WARNING(S),  0 ERROR(S)
