BL51 BANKED LINKER/LOCATER V6.22                                                        06/15/2022  13:26:50  PAGE 1


BL51 BANKED LINKER/LOCATER V6.22, INVOKED BY:
D:\KEIL 5\C51\KEIL(相关软件)\C51\BIN\BL51.EXE .\Objects\main.obj TO .\Objects\test PRINT (.\Listings\test.m51) RAMSIZE (
>> 256)


MEMORY MODEL: SMALL


INPUT MODULES INCLUDED:
  .\Objects\main.obj (MAIN)
  D:\KEIL 5\C51\KEIL(相关软件)\C51\LIB\C51S.LIB (?C_STARTUP)
  D:\KEIL 5\C51\KEIL(相关软件)\C51\LIB\C51S.LIB (?C_INIT)


LINK MAP OF MODULE:  .\Objects\test (MAIN)


            TYPE    BASE      LENGTH    RELOCATION   SEGMENT NAME
            -----------------------------------------------------

            * * * * * * *   D A T A   M E M O R Y   * * * * * * *
            REG     0000H     0008H     ABSOLUTE     "REG BANK 0"
            DATA    0008H     000FH     UNIT         ?DT?MAIN
            DATA    0017H     0002H     UNIT         _DATA_GROUP_
                    0019H     0007H                  *** GAP ***
            BIT     0020H.0   0000H.1   UNIT         ?BI?MAIN
                    0020H.1   0000H.7                *** GAP ***
            IDATA   0021H     0001H     UNIT         ?STACK

            * * * * * * *   C O D E   M E M O R Y   * * * * * * *
            CODE    0000H     0003H     ABSOLUTE     
                    0003H     0008H                  *** GAP ***
            CODE    000BH     0003H     ABSOLUTE     
            CODE    000EH     0015H     UNIT         ?PR?TIMER0INIT?MAIN
            CODE    0023H     0003H     ABSOLUTE     
            CODE    0026H     00B8H     UNIT         ?PR?READ_KEY?MAIN
            CODE    00DEH     008CH     UNIT         ?C_C51STARTUP
            CODE    016AH     004DH     UNIT         ?PR?TIMER0?MAIN
            CODE    01B7H     0041H     UNIT         ?PR?DISPLAY?MAIN
            CODE    01F8H     002DH     UNIT         ?PR?MAIN?MAIN
            CODE    0225H     0022H     UNIT         ?C_INITSEG
            CODE    0247H     0021H     UNIT         ?PR?UART_INIT?MAIN
            CODE    0268H     0019H     UNIT         ?PR?UART?MAIN
            CODE    0281H     0015H     UNIT         ?CO?MAIN
            CODE    0296H     000DH     UNIT         ?PR?_DOOR?MAIN



OVERLAY MAP OF MODULE:   .\Objects\test (MAIN)


SEGMENT                          DATA_GROUP 
  +--> CALLED SEGMENT          START    LENGTH
----------------------------------------------
?PR?TIMER0?MAIN                -----    -----
  +--> ?PR?DISPLAY?MAIN

?PR?DISPLAY?MAIN               -----    -----
BL51 BANKED LINKER/LOCATER V6.22                                                      06/15/2022  13:26:50  PAGE 2


  +--> ?PR?_DOOR?MAIN
  +--> ?CO?MAIN

*** NEW ROOT ***************************************************

?C_C51STARTUP                  -----    -----
  +--> ?PR?MAIN?MAIN
  +--> ?C_INITSEG

?PR?MAIN?MAIN                  -----    -----
  +--> ?PR?TIMER0INIT?MAIN
  +--> ?PR?UART_INIT?MAIN
  +--> ?PR?READ_KEY?MAIN

?PR?READ_KEY?MAIN              0017H    0002H



SYMBOL TABLE OF MODULE:  .\Objects\test (MAIN)

  VALUE           TYPE          NAME
  ----------------------------------

  -------         MODULE        MAIN
  C:0000H         SYMBOL        _ICE_DUMMY_
  D:0080H         PUBLIC        P0
  D:0090H         PUBLIC        P1
  D:00A0H         PUBLIC        P2
  D:00B0H         PUBLIC        P3
  D:00C0H         PUBLIC        P4
  D:00C8H         PUBLIC        P5
  B:00A8H.7       PUBLIC        EA
  D:00E8H         PUBLIC        P6
  D:00F8H         PUBLIC        P7
  D:000AH         PUBLIC        dspbuf
  D:0012H         PUBLIC        dspcom
  D:00A8H         PUBLIC        IE
  B:00A8H.4       PUBLIC        ES
  D:00B8H         PUBLIC        IP
  B:0098H.0       PUBLIC        RI
  B:0098H.1       PUBLIC        TI
  C:0268H         PUBLIC        Uart
  D:00D8H         PUBLIC        CCON
  C:01F8H         PUBLIC        main
  C:0026H         PUBLIC        Read_key
  D:0099H         PUBLIC        SBUF
  D:0087H         PUBLIC        PCON
  D:0098H         PUBLIC        SCON
  C:0247H         PUBLIC        Uart_init
  D:0089H         PUBLIC        TMOD
  D:0088H         PUBLIC        TCON
  C:0296H         PUBLIC        _door
  B:00C0H.2       PUBLIC        P42
  C:0281H         PUBLIC        tab
  B:00C0H.4       PUBLIC        P44
  B:00B0H.6       PUBLIC        P36
  B:00B0H.7       PUBLIC        P37
BL51 BANKED LINKER/LOCATER V6.22                                                      06/15/2022  13:26:50  PAGE 3


  D:008EH         PUBLIC        AUXR
  B:0020H.0       PUBLIC        key_flag
  D:0013H         PUBLIC        send_dat
  B:00A8H.1       PUBLIC        ET0
  B:0088H.5       PUBLIC        TF0
  B:00A8H.3       PUBLIC        ET1
  C:000EH         PUBLIC        Timer0Init
  D:008CH         PUBLIC        TH0
  D:008DH         PUBLIC        TH1
  D:008AH         PUBLIC        TL0
  D:008BH         PUBLIC        TL1
  C:016AH         PUBLIC        timer0
  B:0088H.4       PUBLIC        TR0
  B:0088H.6       PUBLIC        TR1
  D:0014H         PUBLIC        keyread
  D:0015H         PUBLIC        keyvalue
  C:01B7H         PUBLIC        display
  D:00D0H         PUBLIC        PSW
  D:0016H         PUBLIC        keypress
  -------         PROC          _DOOR
  D:0007H         SYMBOL        choose
  D:0004H         SYMBOL        input
  C:0296H         LINE#         12
  C:0296H         LINE#         13
  C:0296H         LINE#         14
  C:029DH         LINE#         15
  C:029FH         LINE#         16
  C:02A2H         LINE#         17
  -------         ENDPROC       _DOOR
  -------         PROC          DISPLAY
  C:01B7H         LINE#         19
  C:01B7H         LINE#         20
  C:01B7H         LINE#         21
  C:01C0H         LINE#         23
  C:01D8H         LINE#         24
  C:01EDH         LINE#         26
  C:01F4H         LINE#         27
  C:01F7H         LINE#         28
  -------         ENDPROC       DISPLAY
  -------         PROC          TIMER0INIT
  C:000EH         LINE#         30
  C:000EH         LINE#         31
  C:000EH         LINE#         32
  C:0011H         LINE#         33
  C:0014H         LINE#         34
  C:0017H         LINE#         35
  C:001AH         LINE#         36
  C:001CH         LINE#         37
  C:001EH         LINE#         39
  C:0020H         LINE#         40
  C:0022H         LINE#         41
  -------         ENDPROC       TIMER0INIT
  -------         PROC          READ_KEY
  -------         DO            
  D:0017H         SYMBOL        key_m
  D:0018H         SYMBOL        cal
  -------         ENDDO         
BL51 BANKED LINKER/LOCATER V6.22                                                      06/15/2022  13:26:50  PAGE 4


  C:0026H         LINE#         44
  C:0026H         LINE#         45
  C:0026H         LINE#         48
  C:002DH         LINE#         49
  C:0035H         LINE#         50
  C:003BH         LINE#         52
  C:003FH         LINE#         53
  C:0043H         LINE#         55
  C:0046H         LINE#         57
  C:004CH         LINE#         58
  C:004CH         LINE#         59
  C:004EH         LINE#         60
  C:0051H         LINE#         61
  C:0063H         LINE#         62
  C:0063H         LINE#         63
  C:0068H         LINE#         64
  C:006DH         LINE#         65
  C:0072H         LINE#         66
  C:0075H         LINE#         67
  C:0075H         LINE#         69
  C:007CH         LINE#         70
  C:0082H         LINE#         72
  C:0091H         LINE#         73
  C:0091H         LINE#         74
  C:009DH         LINE#         75
  C:00A9H         LINE#         76
  C:00B5H         LINE#         77
  C:00BFH         LINE#         78
  C:00BFH         LINE#         79
  C:00BFH         LINE#         81
  C:00C6H         LINE#         82
  C:00CCH         LINE#         84
  C:00D5H         LINE#         85
  C:00D5H         LINE#         86
  C:00D8H         LINE#         87
  C:00DBH         LINE#         88
  C:00DBH         LINE#         89
  C:00DDH         LINE#         90
  -------         ENDPROC       READ_KEY
  -------         PROC          UART_INIT
  C:0247H         LINE#         93
  C:0247H         LINE#         94
  C:0247H         LINE#         95
  C:024AH         LINE#         96
  C:024DH         LINE#         97
  C:0250H         LINE#         98
  C:0253H         LINE#         99
  C:0256H         LINE#         100
  C:0259H         LINE#         101
  C:025CH         LINE#         102
  C:025FH         LINE#         103
  C:0261H         LINE#         104
  C:0263H         LINE#         105
  C:0265H         LINE#         106
  C:0267H         LINE#         107
  -------         ENDPROC       UART_INIT
  -------         PROC          MAIN
BL51 BANKED LINKER/LOCATER V6.22                                                      06/15/2022  13:26:50  PAGE 5


  -------         DO            
  D:0006H         SYMBOL        key_re
  -------         ENDDO         
  C:01F8H         LINE#         110
  C:01F8H         LINE#         111
  C:01F8H         LINE#         114
  C:01FBH         LINE#         115
  C:01FEH         LINE#         117
  C:01FEH         LINE#         118
  C:01FEH         LINE#         119
  C:0201H         LINE#         120
  C:0201H         LINE#         121
  C:0203H         LINE#         122
  C:0208H         LINE#         124
  C:020CH         LINE#         125
  C:020CH         LINE#         126
  C:0215H         LINE#         127
  C:0215H         LINE#         128
  C:021DH         LINE#         129
  -------         ENDPROC       MAIN
  -------         PROC          UART
  -------         DO            
  D:0007H         SYMBOL        i
  -------         ENDDO         
  C:0268H         LINE#         136
  C:0271H         LINE#         138
  C:0271H         LINE#         140
  C:0274H         LINE#         141
  C:0274H         LINE#         142
  C:0276H         LINE#         143
  C:0278H         LINE#         144
  C:027AH         LINE#         146
  C:027AH         LINE#         147
  -------         ENDPROC       UART
  -------         PROC          TIMER0
  -------         DO            
  D:0008H         SYMBOL        t_20ms
  D:0009H         SYMBOL        t_50ms
  -------         ENDDO         
  C:016AH         LINE#         149
  C:017FH         LINE#         153
  C:0182H         LINE#         155
  C:0184H         LINE#         156
  C:0186H         LINE#         158
  C:018DH         LINE#         159
  C:018DH         LINE#         160
  C:0190H         LINE#         161
  C:0192H         LINE#         162
  C:0192H         LINE#         164
  C:0199H         LINE#         165
  C:0199H         LINE#         166
  C:019CH         LINE#         168
  C:019FH         LINE#         169
  C:01A2H         LINE#         170
  C:01A4H         LINE#         171
  C:01A4H         LINE#         172
  -------         ENDPROC       TIMER0
BL51 BANKED LINKER/LOCATER V6.22                                                      06/15/2022  13:26:50  PAGE 6


  -------         ENDMOD        MAIN

Program Size: data=26.1 xdata=0 code=667
LINK/LOCATE RUN COMPLETE.  0 WARNING(S),  0 ERROR(S)
