BL51 BANKED LINKER/LOCATER V6.22                                                        06/17/2022  13:56:36  PAGE 1


BL51 BANKED LINKER/LOCATER V6.22, INVOKED BY:
D:\KEIL 5\C51\KEIL(相关软件)\C51\BIN\BL51.EXE .\Objects\test.obj TO .\Objects\test PRINT (.\Listings\test.m51) RAMSIZE (
>> 256)


MEMORY MODEL: SMALL


INPUT MODULES INCLUDED:
  .\Objects\test.obj (TEST)
  D:\KEIL 5\C51\KEIL(相关软件)\C51\LIB\C51S.LIB (?C_STARTUP)
  D:\KEIL 5\C51\KEIL(相关软件)\C51\LIB\C51S.LIB (?C_INIT)


LINK MAP OF MODULE:  .\Objects\test (TEST)


            TYPE    BASE      LENGTH    RELOCATION   SEGMENT NAME
            -----------------------------------------------------

            * * * * * * *   D A T A   M E M O R Y   * * * * * * *
            REG     0000H     0008H     ABSOLUTE     "REG BANK 0"
            DATA    0008H     000DH     UNIT         ?DT?TEST
                    0015H     000BH                  *** GAP ***
            BIT     0020H.0   0000H.1   UNIT         ?BI?TEST
                    0020H.1   0000H.7                *** GAP ***
            IDATA   0021H     0001H     UNIT         ?STACK

            * * * * * * *   C O D E   M E M O R Y   * * * * * * *
            CODE    0000H     0003H     ABSOLUTE     
                    0003H     0008H                  *** GAP ***
            CODE    000BH     0003H     ABSOLUTE     
            CODE    000EH     008CH     UNIT         ?C_C51STARTUP
            CODE    009AH     0058H     UNIT         ?PR?READ_KEY?TEST
            CODE    00F2H     0041H     UNIT         ?PR?MAIN?TEST
            CODE    0133H     003DH     UNIT         ?PR?DISPLAY?TEST
            CODE    0170H     0039H     UNIT         ?PR?TIMER0?TEST
            CODE    01A9H     001CH     UNIT         ?C_INITSEG
            CODE    01C5H     0019H     UNIT         ?PR?NUM_CLOSE?TEST
            CODE    01DEH     0015H     UNIT         ?PR?TIMER0INIT?TEST
            CODE    01F3H     0015H     UNIT         ?CO?TEST
            CODE    0208H     0011H     UNIT         ?PR?_DOOR?TEST
            CODE    0219H     000FH     UNIT         ?PR?ALL_INIT?TEST



OVERLAY MAP OF MODULE:   .\Objects\test (TEST)


SEGMENT
  +--> CALLED SEGMENT
---------------------
?PR?TIMER0?TEST
  +--> ?PR?DISPLAY?TEST

?PR?DISPLAY?TEST
  +--> ?PR?_DOOR?TEST
  +--> ?CO?TEST
BL51 BANKED LINKER/LOCATER V6.22                                                      06/17/2022  13:56:36  PAGE 2



*** NEW ROOT ***************************************************

?C_C51STARTUP
  +--> ?PR?MAIN?TEST
  +--> ?C_INITSEG

?PR?MAIN?TEST
  +--> ?PR?TIMER0INIT?TEST
  +--> ?PR?ALL_INIT?TEST
  +--> ?PR?READ_KEY?TEST
  +--> ?PR?_DOOR?TEST

?PR?ALL_INIT?TEST
  +--> ?PR?_DOOR?TEST
  +--> ?PR?NUM_CLOSE?TEST



SYMBOL TABLE OF MODULE:  .\Objects\test (TEST)

  VALUE           TYPE          NAME
  ----------------------------------

  -------         MODULE        TEST
  C:0000H         SYMBOL        _ICE_DUMMY_
  D:0080H         PUBLIC        P0
  D:0090H         PUBLIC        P1
  D:00A0H         PUBLIC        P2
  D:00B0H         PUBLIC        P3
  D:00C0H         PUBLIC        P4
  D:00C8H         PUBLIC        P5
  B:00A8H.7       PUBLIC        EA
  D:00E8H         PUBLIC        P6
  D:00F8H         PUBLIC        P7
  D:0009H         PUBLIC        dspbuf
  D:0011H         PUBLIC        dspcom
  D:00A8H         PUBLIC        IE
  D:00B8H         PUBLIC        IP
  D:00D8H         PUBLIC        CCON
  C:00F2H         PUBLIC        main
  C:009AH         PUBLIC        Read_key
  D:0098H         PUBLIC        SCON
  D:0089H         PUBLIC        TMOD
  D:0088H         PUBLIC        TCON
  C:020CH         PUBLIC        _door
  C:01F3H         PUBLIC        tab
  D:008EH         PUBLIC        AUXR
  B:0020H.0       PUBLIC        key_flag
  B:00A8H.1       PUBLIC        ET0
  B:0088H.5       PUBLIC        TF0
  C:01DEH         PUBLIC        Timer0Init
  C:01C5H         PUBLIC        num_close
  D:008CH         PUBLIC        TH0
  D:008AH         PUBLIC        TL0
  C:0219H         PUBLIC        all_init
  C:0170H         PUBLIC        timer0
BL51 BANKED LINKER/LOCATER V6.22                                                      06/17/2022  13:56:36  PAGE 3


  B:0088H.4       PUBLIC        TR0
  D:0012H         PUBLIC        keyread
  D:0013H         PUBLIC        keyvalue
  C:0133H         PUBLIC        display
  D:00D0H         PUBLIC        PSW
  D:0014H         PUBLIC        keypress
  -------         PROC          L?0033
  -------         ENDPROC       L?0033
  -------         PROC          _DOOR
  D:0007H         SYMBOL        choose
  D:0004H         SYMBOL        input
  C:020CH         LINE#         12
  C:020CH         LINE#         13
  C:020CH         LINE#         14
  C:0213H         LINE#         15
  C:0215H         LINE#         16
  C:0218H         LINE#         17
  -------         ENDPROC       _DOOR
  -------         PROC          NUM_CLOSE
  C:01C5H         LINE#         19
  C:01C5H         LINE#         20
  C:01C5H         LINE#         21
  C:01C8H         LINE#         22
  C:01CBH         LINE#         23
  C:01CEH         LINE#         24
  C:01D1H         LINE#         25
  C:01D4H         LINE#         26
  C:01D7H         LINE#         27
  C:01DAH         LINE#         28
  C:01DDH         LINE#         29
  -------         ENDPROC       NUM_CLOSE
  -------         PROC          ALL_INIT
  C:0219H         LINE#         31
  C:0219H         LINE#         32
  C:0219H         LINE#         33
  C:021EH         LINE#         34
  C:0225H         LINE#         35
  -------         ENDPROC       ALL_INIT
  -------         PROC          TIMER0INIT
  C:01DEH         LINE#         38
  C:01DEH         LINE#         39
  C:01DEH         LINE#         40
  C:01E1H         LINE#         41
  C:01E4H         LINE#         42
  C:01E7H         LINE#         43
  C:01EAH         LINE#         44
  C:01ECH         LINE#         45
  C:01EEH         LINE#         47
  C:01F0H         LINE#         48
  C:01F2H         LINE#         49
  -------         ENDPROC       TIMER0INIT
  -------         PROC          DISPLAY
  C:0133H         LINE#         51
  C:0133H         LINE#         52
  C:0133H         LINE#         53
  C:0138H         LINE#         55
  C:0150H         LINE#         56
BL51 BANKED LINKER/LOCATER V6.22                                                      06/17/2022  13:56:36  PAGE 4


  C:0165H         LINE#         58
  C:016CH         LINE#         59
  C:016FH         LINE#         60
  -------         ENDPROC       DISPLAY
  -------         PROC          READ_KEY
  -------         DO            
  D:0007H         SYMBOL        key_m
  -------         ENDDO         
  C:009AH         LINE#         63
  C:009AH         LINE#         64
  C:009AH         LINE#         67
  C:009DH         LINE#         68
  C:00A2H         LINE#         70
  C:00A6H         LINE#         71
  C:00AAH         LINE#         73
  C:00ADH         LINE#         75
  C:00B2H         LINE#         76
  C:00B2H         LINE#         77
  C:00B5H         LINE#         78
  C:00B8H         LINE#         80
  C:00C8H         LINE#         81
  C:00C8H         LINE#         82
  C:00CDH         LINE#         83
  C:00D2H         LINE#         84
  C:00D7H         LINE#         85
  C:00DAH         LINE#         86
  C:00DAH         LINE#         87
  C:00DAH         LINE#         89
  C:00DDH         LINE#         90
  C:00E2H         LINE#         92
  C:00E9H         LINE#         93
  C:00E9H         LINE#         94
  C:00ECH         LINE#         95
  C:00EFH         LINE#         96
  C:00EFH         LINE#         97
  C:00F1H         LINE#         98
  -------         ENDPROC       READ_KEY
  -------         PROC          MAIN
  -------         DO            
  D:0006H         SYMBOL        key_re
  -------         ENDDO         
  C:00F2H         LINE#         102
  C:00F2H         LINE#         103
  C:00F2H         LINE#         106
  C:00F5H         LINE#         107
  C:00F8H         LINE#         109
  C:00F8H         LINE#         110
  C:00F8H         LINE#         111
  C:00FBH         LINE#         112
  C:00FBH         LINE#         113
  C:00FDH         LINE#         114
  C:0102H         LINE#         116
  C:0106H         LINE#         117
  C:0106H         LINE#         118
  C:0114H         LINE#         119
  C:0114H         LINE#         120
  C:0118H         LINE#         121
BL51 BANKED LINKER/LOCATER V6.22                                                      06/17/2022  13:56:36  PAGE 5


  C:011DH         LINE#         122
  C:0128H         LINE#         123
  -------         ENDPROC       MAIN
  -------         PROC          TIMER0
  -------         DO            
  D:0008H         SYMBOL        t_20ms
  -------         ENDDO         
  C:0170H         LINE#         132
  C:0185H         LINE#         136
  C:0188H         LINE#         138
  C:018AH         LINE#         140
  C:0191H         LINE#         141
  C:0191H         LINE#         142
  C:0194H         LINE#         143
  C:0196H         LINE#         144
  C:0196H         LINE#         145
  -------         ENDPROC       TIMER0
  -------         ENDMOD        TEST

Program Size: data=22.1 xdata=0 code=544
LINK/LOCATE RUN COMPLETE.  0 WARNING(S),  0 ERROR(S)
