BL51 BANKED LINKER/LOCATER V6.22                                                        06/15/2022  13:40:27  PAGE 1


BL51 BANKED LINKER/LOCATER V6.22, INVOKED BY:
D:\KEIL 5\C51\KEIL(相关软件)\C51\BIN\BL51.EXE .\Objects\main.obj TO .\Objects\test PRINT (.\Listings\test.m51) RAMSIZE (
>> 256)


MEMORY MODEL: SMALL WITH FLOATING POINT ARITHMETIC


INPUT MODULES INCLUDED:
  .\Objects\main.obj (MAIN)
  D:\KEIL 5\C51\KEIL(相关软件)\C51\LIB\C51FPS.LIB (PRINTF)
  D:\KEIL 5\C51\KEIL(相关软件)\C51\LIB\C51FPS.LIB (?C?FPROUND)
  D:\KEIL 5\C51\KEIL(相关软件)\C51\LIB\C51FPS.LIB (?C?FPCONVERT)
  D:\KEIL 5\C51\KEIL(相关软件)\C51\LIB\C51FPS.LIB (?C?FPADD)
  D:\KEIL 5\C51\KEIL(相关软件)\C51\LIB\C51FPS.LIB (?C?FPMUL)
  D:\KEIL 5\C51\KEIL(相关软件)\C51\LIB\C51FPS.LIB (?C?FPDIV)
  D:\KEIL 5\C51\KEIL(相关软件)\C51\LIB\C51FPS.LIB (?C?FTNPWR)
  D:\KEIL 5\C51\KEIL(相关软件)\C51\LIB\C51FPS.LIB (?C?FPGETOPN)
  D:\KEIL 5\C51\KEIL(相关软件)\C51\LIB\C51S.LIB (?C_STARTUP)
  D:\KEIL 5\C51\KEIL(相关软件)\C51\LIB\C51S.LIB (?C?CLDPTR)
  D:\KEIL 5\C51\KEIL(相关软件)\C51\LIB\C51S.LIB (?C?CLDOPTR)
  D:\KEIL 5\C51\KEIL(相关软件)\C51\LIB\C51S.LIB (?C?CSTPTR)
  D:\KEIL 5\C51\KEIL(相关软件)\C51\LIB\C51S.LIB (?C?PLDIIDATA)
  D:\KEIL 5\C51\KEIL(相关软件)\C51\LIB\C51S.LIB (?C?CCASE)
  D:\KEIL 5\C51\KEIL(相关软件)\C51\LIB\C51S.LIB (PUTCHAR)
  D:\KEIL 5\C51\KEIL(相关软件)\C51\LIB\C51S.LIB (?C_INIT)


LINK MAP OF MODULE:  .\Objects\test (MAIN)


            TYPE    BASE      LENGTH    RELOCATION   SEGMENT NAME
            -----------------------------------------------------

            * * * * * * *   D A T A   M E M O R Y   * * * * * * *
            REG     0000H     0008H     ABSOLUTE     "REG BANK 0"
                    0008H     0018H                  *** GAP ***
            BIT     0020H.0   0001H.1   UNIT         _BIT_GROUP_
                    0021H.1   0000H.7                *** GAP ***
            DATA    0022H     0021H     UNIT         ?DT?MAIN
            DATA    0043H     001CH     UNIT         _DATA_GROUP_
            IDATA   005FH     0001H     UNIT         ?STACK

            * * * * * * *   C O D E   M E M O R Y   * * * * * * *
            CODE    0000H     0003H     ABSOLUTE     
            CODE    0003H     0016H     UNIT         ?PR?_UART_SEND?MAIN
            CODE    0019H     0008H     UNIT         ?PR?MAIN?MAIN
                    0021H     0002H                  *** GAP ***
            CODE    0023H     0003H     ABSOLUTE     
            CODE    0026H     0518H     UNIT         ?C?LIB_CODE
            CODE    053EH     046FH     UNIT         ?PR?PRINTF?PRINTF
            CODE    09ADH     008CH     UNIT         ?C_C51STARTUP
            CODE    0A39H     0088H     UNIT         ?PR?UART_PRO?MAIN
            CODE    0AC1H     0030H     UNIT         ?C_INITSEG
            CODE    0AF1H     0027H     UNIT         ?PR?PUTCHAR?PUTCHAR
            CODE    0B18H     0024H     UNIT         ?CO?MAIN
            CODE    0B3CH     0023H     UNIT         ?PR?UART?MAIN
            CODE    0B5FH     0021H     UNIT         ?PR?UARTINIT?MAIN
BL51 BANKED LINKER/LOCATER V6.22                                                      06/15/2022  13:40:27  PAGE 2





OVERLAY MAP OF MODULE:   .\Objects\test (MAIN)


SEGMENT                           BIT_GROUP          DATA_GROUP 
  +--> CALLED SEGMENT          START    LENGTH     START    LENGTH
------------------------------------------------------------------
?C_C51STARTUP                  -----    -----      -----    -----
  +--> ?PR?MAIN?MAIN
  +--> ?C_INITSEG

?PR?MAIN?MAIN                  -----    -----      -----    -----
  +--> ?PR?UARTINIT?MAIN
  +--> ?PR?UART_PRO?MAIN

?PR?UART_PRO?MAIN              -----    -----      -----    -----
  +--> ?CO?MAIN
  +--> ?PR?PRINTF?PRINTF
  +--> ?PR?_UART_SEND?MAIN

?PR?PRINTF?PRINTF              0020H.0  0001H.1    0043H    001CH
  +--> ?PR?PUTCHAR?PUTCHAR



SYMBOL TABLE OF MODULE:  .\Objects\test (MAIN)

  VALUE           TYPE          NAME
  ----------------------------------

  -------         MODULE        MAIN
  C:0000H         SYMBOL        _ICE_DUMMY_
  D:0080H         PUBLIC        P0
  D:0090H         PUBLIC        P1
  D:00A0H         PUBLIC        P2
  D:00B0H         PUBLIC        P3
  D:00C0H         PUBLIC        P4
  D:00C8H         PUBLIC        P5
  B:00A8H.7       PUBLIC        EA
  D:00E8H         PUBLIC        P6
  D:00F8H         PUBLIC        P7
  D:00A8H         PUBLIC        IE
  B:00A8H.4       PUBLIC        ES
  D:00B8H         PUBLIC        IP
  B:0098H.0       PUBLIC        RI
  B:0098H.1       PUBLIC        TI
  C:0B3CH         PUBLIC        Uart
  D:00D8H         PUBLIC        CCON
  C:0019H         PUBLIC        main
  C:0003H         PUBLIC        _Uart_send
  D:0022H         PUBLIC        Uart_count
  D:0099H         PUBLIC        SBUF
  D:0087H         PUBLIC        PCON
  D:0098H         PUBLIC        SCON
  C:0B5FH         PUBLIC        UartInit
BL51 BANKED LINKER/LOCATER V6.22                                                      06/15/2022  13:40:27  PAGE 3


  D:0089H         PUBLIC        TMOD
  D:0088H         PUBLIC        TCON
  D:0023H         PUBLIC        Uart_rec
  D:008EH         PUBLIC        AUXR
  B:00A8H.3       PUBLIC        ET1
  D:002DH         PUBLIC        dat_1
  D:002EH         PUBLIC        dat_2
  D:0032H         PUBLIC        dat_3
  D:008DH         PUBLIC        TH1
  D:0033H         PUBLIC        dat_4
  C:0A39H         PUBLIC        Uart_pro
  D:008BH         PUBLIC        TL1
  B:0088H.6       PUBLIC        TR1
  D:0034H         PUBLIC        Uart_out
  D:00D0H         PUBLIC        PSW
  -------         PROC          UARTINIT
  C:0B5FH         LINE#         11
  C:0B5FH         LINE#         12
  C:0B5FH         LINE#         13
  C:0B62H         LINE#         14
  C:0B65H         LINE#         15
  C:0B68H         LINE#         16
  C:0B6BH         LINE#         17
  C:0B6EH         LINE#         18
  C:0B71H         LINE#         19
  C:0B74H         LINE#         20
  C:0B77H         LINE#         21
  C:0B79H         LINE#         22
  C:0B7BH         LINE#         24
  C:0B7DH         LINE#         25
  C:0B7FH         LINE#         26
  -------         ENDPROC       UARTINIT
  -------         PROC          _UART_SEND
  D:0001H         SYMBOL        str
  -------         DO            
  D:0001H         SYMBOL        s
  -------         ENDDO         
  C:0003H         LINE#         28
  C:0003H         LINE#         29
  C:0003H         LINE#         32
  C:0003H         LINE#         33
  C:0008H         LINE#         34
  C:0008H         LINE#         35
  C:000AH         LINE#         36
  C:000DH         LINE#         37
  C:000FH         LINE#         38
  C:0016H         LINE#         39
  C:0018H         LINE#         40
  -------         ENDPROC       _UART_SEND
  -------         PROC          UART_PRO
  C:0A39H         LINE#         42
  C:0A39H         LINE#         43
  C:0A39H         LINE#         44
  C:0A43H         LINE#         45
  C:0A43H         LINE#         46
  C:0A4DH         LINE#         47
  C:0A4DH         LINE#         49
BL51 BANKED LINKER/LOCATER V6.22                                                      06/15/2022  13:40:27  PAGE 4


  C:0A57H         LINE#         50
  C:0A74H         LINE#         51
  C:0A8BH         LINE#         52
  C:0AA2H         LINE#         54
  C:0AB4H         LINE#         56
  C:0ABDH         LINE#         57
  C:0AC0H         LINE#         58
  C:0AC0H         LINE#         59
  C:0AC0H         LINE#         60
  -------         ENDPROC       UART_PRO
  -------         PROC          MAIN
  C:0019H         LINE#         62
  C:0019H         LINE#         63
  C:0019H         LINE#         64
  C:001CH         LINE#         66
  C:001CH         LINE#         67
  C:001CH         LINE#         68
  C:001FH         LINE#         69
  -------         ENDPROC       MAIN
  -------         PROC          UART
  C:0B3CH         LINE#         72
  C:0B47H         LINE#         74
  C:0B4AH         LINE#         75
  C:0B4AH         LINE#         76
  C:0B4CH         LINE#         77
  C:0B56H         LINE#         78
  C:0B56H         LINE#         79
  -------         ENDPROC       UART
  -------         ENDMOD        MAIN

  -------         MODULE        PRINTF
  D:0043H         PUBLIC        ?_PRINTF?BYTE
  D:0043H         PUBLIC        ?_SPRINTF?BYTE
  C:05A0H         PUBLIC        _PRINTF
  C:059AH         PUBLIC        _SPRINTF
  -------         ENDMOD        PRINTF

  -------         MODULE        ?C?FPROUND
  C:0026H         PUBLIC        ?C?FPROUND
  -------         ENDMOD        ?C?FPROUND

  -------         MODULE        ?C?FPCONVERT
  C:0055H         PUBLIC        ?C?FPCONVERT
  -------         ENDMOD        ?C?FPCONVERT

  -------         MODULE        ?C?FPADD
  C:015FH         PUBLIC        ?C?FPADD
  C:015BH         PUBLIC        ?C?FPSUB
  -------         ENDMOD        ?C?FPADD

  -------         MODULE        ?C?FPMUL
  C:0250H         PUBLIC        ?C?FPMUL
  -------         ENDMOD        ?C?FPMUL

  -------         MODULE        ?C?FPDIV
  C:0359H         PUBLIC        ?C?FPDIV
  -------         ENDMOD        ?C?FPDIV
BL51 BANKED LINKER/LOCATER V6.22                                                      06/15/2022  13:40:27  PAGE 5



  -------         MODULE        ?C?FTNPWR
  C:0426H         PUBLIC        ?C?FTNPWR
  -------         ENDMOD        ?C?FTNPWR

  -------         MODULE        ?C?CLDPTR
  C:04B0H         PUBLIC        ?C?CLDPTR
  -------         ENDMOD        ?C?CLDPTR

  -------         MODULE        ?C?CLDOPTR
  C:04C9H         PUBLIC        ?C?CLDOPTR
  -------         ENDMOD        ?C?CLDOPTR

  -------         MODULE        ?C?CSTPTR
  C:04F6H         PUBLIC        ?C?CSTPTR
  -------         ENDMOD        ?C?CSTPTR

  -------         MODULE        ?C?PLDIIDATA
  C:0508H         PUBLIC        ?C?PLDIIDATA
  -------         ENDMOD        ?C?PLDIIDATA

  -------         MODULE        ?C?CCASE
  C:0518H         PUBLIC        ?C?CCASE
  -------         ENDMOD        ?C?CCASE

  -------         MODULE        PUTCHAR
  C:0AF1H         PUBLIC        _PUTCHAR
  -------         ENDMOD        PUTCHAR

Program Size: data=71.1 xdata=0 code=2942
LINK/LOCATE RUN COMPLETE.  0 WARNING(S),  0 ERROR(S)
